   1                             		.file	"main.c"
   9                             	.Ltext0:
  10                             		.comm	_dccData,4,4
  11                             		.global	_SMA_AVERAGE_N
  12                             		.section C,"a",@progbits
  13                             		.p2align 2
  14                             		.balign 4
  17                             	_SMA_AVERAGE_N:
  18 0000 08 00 00 00             		.long	8
  19                             		.comm	_waitingForInterrupt,1,1
  20                             		.global	_phase
  21                             		.section B,"w",@nobits
  22                             		.p2align 2
  25                             	_phase:
  26 0000 00                      		.zero	1
  27 0001 00 00 00                		.section P,"ax"
  28                             		.global	_main
  30                             	_main:
  31                             	.LFB0:
  32                             		.file 1 "../src/main.c"
   1:../src/main.c **** /***********************************************************************/
   2:../src/main.c **** /*  													               */
   3:../src/main.c **** /*      PROJECT NAME :  opend2c                                        */
   4:../src/main.c **** /*      FILE         :  opend2c.c                                      */
   5:../src/main.c **** /*      DESCRIPTION  :  Main Program                                   */
   6:../src/main.c **** /*      CPU SERIES   :  RX600                                          */
   7:../src/main.c **** /*      CPU TYPE     :  RX62N                                          */
   8:../src/main.c **** /*  													               */
   9:../src/main.c **** /*      This file is generated by KPIT Eclipse.                        */
  10:../src/main.c **** /*  													               */
  11:../src/main.c **** /***********************************************************************/                          
  12:../src/main.c **** 																							
  13:../src/main.c **** #define __RX_LITTLE_ENDIAN__ 1
  14:../src/main.c **** #include "iodefine.h"
  15:../src/main.c **** #include "dcc_link.h"
  16:../src/main.c **** 
  17:../src/main.c **** 
  18:../src/main.c **** int main(void)
  19:../src/main.c **** {
  33                             		.loc 1 19 0
  34 0000 7E A6                   		push.l	r6
  35                             	.LCFI0:
  36 0002 EF 06                   		mov.L	r0, r6
  37                             	.LCFI1:
  38                             		.balign 8,3,3
  39                             	.L2:
  20:../src/main.c ****     // TODO: add application code here
  21:../src/main.c **** 
  22:../src/main.c ****     while (1) {
  23:../src/main.c ****     	dccPoll();
  40                             		.loc 1 23 0
  41 0004 05 FC FF FF             		bsr	_dccPoll
  24:../src/main.c ****     }
  42                             		.loc 1 24 0
  43 0008 2E FC                   		bra	.L2
  44                             	.LFE0:
  82                             	.Letext0:
